
> mk-platform-client@1.0.0 dev
> vite


  [32m[1mVITE[22m v5.4.21[39m  [2mready in [0m[1m1424[22m[2m[0m ms[22m

  [32m➜[39m  [1mLocal[22m:   [36mhttp://localhost:[1m5173[22m/[39m
[2m  [32m➜[39m  [1mNetwork[22m[2m: use [22m[1m--host[22m[2m to expose[22m
[2m[32m  ➜[39m[22m[2m  press [22m[1mh + enter[22m[2m to show help[22m
[2m12:34:03 PM[22m [36m[1m[vite][22m[39m [32mvite.config.js changed, restarting server...[39m
[2m12:34:03 PM[22m [36m[1m[vite][22m[39m server restarted.
[2m1:35:11 PM[22m [36m[1m[vite][22m[39m [32mvite.config.js changed, restarting server...[39m
Re-optimizing dependencies because lockfile has changed
[2m1:35:12 PM[22m [36m[1m[vite][22m[39m server restarted.
[2m1:35:15 PM[22m [36m[1m[vite][22m[39m [32mpage reload [39m[2mindex.html[22m
[2m1:35:22 PM[22m [36m[1m[vite][22m[39m [32mhmr update [39m[2m/src/App.jsx[22m
[2m1:35:25 PM[22m [36m[1m[vite][22m[39m [32mhmr update [39m[2m/src/App.jsx[22m
[2m1:38:18 PM[22m [36m[1m[vite][22m[39m [32mvite.config.js changed, restarting server...[39m
Re-optimizing dependencies because lockfile has changed
[2m1:38:18 PM[22m [36m[1m[vite][22m[39m server restarted.
[2m1:38:30 PM[22m [36m[1m[vite][22m[39m [32mvite.config.js changed, restarting server...[39m
[2m1:38:30 PM[22m [36m[1m[vite][22m[39m server restarted.
[2m1:38:40 PM[22m [36m[1m[vite][22m[39m [32mhmr update [39m[2m/src/App.jsx[22m
[2m1:38:42 PM[22m [36m[1m[vite][22m[39m [32mhmr update [39m[2m/src/App.jsx[22m
[2m1:38:54 PM[22m [36m[1m[vite][22m[39m [32mvite.config.js changed, restarting server...[39m
[2m1:38:55 PM[22m [36m[1m[vite][22m[39m server restarted.
[2m1:39:15 PM[22m [36m[1m[vite][22m[39m [32mvite.config.js changed, restarting server...[39m
[2m1:39:15 PM[22m [36m[1m[vite][22m[39m server restarted.
[2m3:58:43 PM[22m [36m[1m[vite][22m[39m [32mhmr update [39m[2m/src/pages/Login.jsx[22m
[2m4:41:14 AM[22m [36m[1m[vite][22m[39m [32mhmr update [39m[2m/src/pages/Login.jsx[22m
[2m4:41:19 AM[22m [36m[1m[vite][22m[39m [32mhmr update [39m[2m/src/pages/Register.jsx[22m
[2m4:41:26 AM[22m [36m[1m[vite][22m[39m [32mhmr update [39m[2m/src/pages/Register.jsx[22m
